// Jest Snapshot v1, https://goo.gl/fbAQLP

exports[`Reipe test renders without crashing 1`] = `
ReactWrapper {
  Symbol(enzyme.__renderer__): Object {
    "batchedUpdates": [Function],
    "getNode": [Function],
    "getWrappingComponentRenderer": [Function],
    "render": [Function],
    "simulateError": [Function],
    "simulateEvent": [Function],
    "unmount": [Function],
    "wrapInvoke": [Function],
  },
  Symbol(enzyme.__root__): [Circular],
  Symbol(enzyme.__node__): Object {
    "instance": null,
    "key": undefined,
    "nodeType": "function",
    "props": Object {
      "all_recipies": Array [],
      "recipe": Array [],
    },
    "ref": null,
    "rendered": Object {
      "instance": <div
        class="App"
      />,
      "key": undefined,
      "nodeType": "host",
      "props": Object {
        "children": Array [
          <Default>
            <div
              className="Recipe"
            >
              <div>
                <elemnt
                  id="image"
                >
                  <img
                    alt=" "
                    height="320px"
                    width="320px"
                  />
                </elemnt>
              </div>
              <br />
              <br />
              <div
                className="d-flex"
              >
                <h3
                  className="Recipe-name"
                />
                <ForwardRef(WithStyles(ForwardRef(IconButton)))
                  aria-label="add to favorites"
                  className="Recipe-logo"
                  color="secondary"
                  onClick={[Function]}
                >
                  <UNDEFINED />
                </ForwardRef(WithStyles(ForwardRef(IconButton)))>
              </div>
              <div
                className="IngredientInfo"
              >
                <div />
                <div />
              </div>
            </div>
            <div
              className="Recipe-directions"
            >
              <h3
                style={
                  Object {
                    "color": "#af1507",
                    "fontWeight": "bolder",
                  }
                }
              >
                 
                Directions
                 
              </h3>
              <p />
            </div>
            <div
              className="SmallRecipeies"
            >
              <div
                className="title"
              >
                <h3
                  style={
                    Object {
                      "fontWeight": "bolder",
                    }
                  }
                >
                   Browse More 
                </h3>
              </div>
              <div
                id="imagesmall"
              >
                <a
                  href="/recipe/undefined"
                >
                  <img
                    alt=" "
                    height="150px"
                    width="150px"
                  />
                  <p
                    className="small-image-name"
                  />
                </a>
              </div>
              <div
                id="imagesmall"
              >
                <a
                  href="/recipe/undefined"
                >
                  <img
                    alt=" "
                    height="150px"
                    width="150px"
                  />
                  <p
                    className="small-image-name"
                  />
                </a>
              </div>
              <div
                id="imagesmall"
              >
                <a
                  href="/recipe/undefined"
                >
                  <img
                    alt=" "
                    height="150px"
                    width="150px"
                  />
                  <p
                    className="small-image-name"
                  />
                </a>
              </div>
            </div>
          </Default>,
          <MobileorTablet>
            <div
              className="Recipe"
            >
              <div>
                <elemnt
                  id="image"
                >
                  <img
                    alt=" "
                    height="320px"
                    width="320px"
                  />
                </elemnt>
              </div>
              <br />
              <br />
              <div
                className="d-flex"
              >
                <h3
                  className="Recipe-name"
                />
                <ForwardRef(WithStyles(ForwardRef(IconButton)))
                  aria-label="add to favorites"
                  className="Recipe-logo"
                  color="secondary"
                  onClick={[Function]}
                >
                  <UNDEFINED />
                </ForwardRef(WithStyles(ForwardRef(IconButton)))>
              </div>
              <div
                className="IngredientInfo"
              >
                <div />
                <div />
              </div>
              <div
                className="Recipe-directions"
              >
                <h3
                  style={
                    Object {
                      "color": "#af1507",
                      "fontWeight": "bolder",
                    }
                  }
                >
                   
                  Directions
                   
                </h3>
                <p />
              </div>
              <div
                className="SmallRecipeies"
              >
                <div
                  className="title"
                >
                  <h3
                    style={
                      Object {
                        "fontWeight": "bolder",
                      }
                    }
                  >
                     
                    Browse More
                     
                  </h3>
                </div>
                <div
                  id="imagesmall"
                >
                  <a
                    href="/recipe/undefined"
                  >
                    <img
                      alt=" "
                      height="150px"
                      width="150px"
                    />
                    <p
                      className="small-image-name"
                    />
                  </a>
                </div>
                <div
                  id="imagesmall"
                >
                  <a
                    href="/recipe/undefined"
                  >
                    <img
                      alt=" "
                      height="150px"
                      width="150px"
                    />
                    <p
                      className="small-image-name"
                    />
                  </a>
                </div>
                <div
                  id="imagesmall"
                >
                  <a
                    href="/recipe/undefined"
                  >
                    <img
                      alt=" "
                      height="150px"
                      width="150px"
                    />
                    <p
                      className="small-image-name"
                    />
                  </a>
                </div>
              </div>
            </div>
          </MobileorTablet>,
        ],
        "className": "App",
      },
      "ref": null,
      "rendered": Array [
        Object {
          "instance": null,
          "key": undefined,
          "nodeType": "function",
          "props": Object {
            "children": Array [
              <div
                className="Recipe"
              >
                <div>
                  <elemnt
                    id="image"
                  >
                    <img
                      alt=" "
                      height="320px"
                      width="320px"
                    />
                  </elemnt>
                </div>
                <br />
                <br />
                <div
                  className="d-flex"
                >
                  <h3
                    className="Recipe-name"
                  />
                  <ForwardRef(WithStyles(ForwardRef(IconButton)))
                    aria-label="add to favorites"
                    className="Recipe-logo"
                    color="secondary"
                    onClick={[Function]}
                  >
                    <UNDEFINED />
                  </ForwardRef(WithStyles(ForwardRef(IconButton)))>
                </div>
                <div
                  className="IngredientInfo"
                >
                  <div />
                  <div />
                </div>
              </div>,
              <div
                className="Recipe-directions"
              >
                <h3
                  style={
                    Object {
                      "color": "#af1507",
                      "fontWeight": "bolder",
                    }
                  }
                >
                   
                  Directions
                   
                </h3>
                <p />
              </div>,
              <div
                className="SmallRecipeies"
              >
                <div
                  className="title"
                >
                  <h3
                    style={
                      Object {
                        "fontWeight": "bolder",
                      }
                    }
                  >
                     Browse More 
                  </h3>
                </div>
                <div
                  id="imagesmall"
                >
                  <a
                    href="/recipe/undefined"
                  >
                    <img
                      alt=" "
                      height="150px"
                      width="150px"
                    />
                    <p
                      className="small-image-name"
                    />
                  </a>
                </div>
                <div
                  id="imagesmall"
                >
                  <a
                    href="/recipe/undefined"
                  >
                    <img
                      alt=" "
                      height="150px"
                      width="150px"
                    />
                    <p
                      className="small-image-name"
                    />
                  </a>
                </div>
                <div
                  id="imagesmall"
                >
                  <a
                    href="/recipe/undefined"
                  >
                    <img
                      alt=" "
                      height="150px"
                      width="150px"
                    />
                    <p
                      className="small-image-name"
                    />
                  </a>
                </div>
              </div>,
            ],
          },
          "ref": null,
          "rendered": null,
          "type": [Function],
        },
        Object {
          "instance": null,
          "key": undefined,
          "nodeType": "function",
          "props": Object {
            "children": <div
              className="Recipe"
            >
              <div>
                <elemnt
                  id="image"
                >
                  <img
                    alt=" "
                    height="320px"
                    width="320px"
                  />
                </elemnt>
              </div>
              <br />
              <br />
              <div
                className="d-flex"
              >
                <h3
                  className="Recipe-name"
                />
                <ForwardRef(WithStyles(ForwardRef(IconButton)))
                  aria-label="add to favorites"
                  className="Recipe-logo"
                  color="secondary"
                  onClick={[Function]}
                >
                  <UNDEFINED />
                </ForwardRef(WithStyles(ForwardRef(IconButton)))>
              </div>
              <div
                className="IngredientInfo"
              >
                <div />
                <div />
              </div>
              <div
                className="Recipe-directions"
              >
                <h3
                  style={
                    Object {
                      "color": "#af1507",
                      "fontWeight": "bolder",
                    }
                  }
                >
                   
                  Directions
                   
                </h3>
                <p />
              </div>
              <div
                className="SmallRecipeies"
              >
                <div
                  className="title"
                >
                  <h3
                    style={
                      Object {
                        "fontWeight": "bolder",
                      }
                    }
                  >
                     
                    Browse More
                     
                  </h3>
                </div>
                <div
                  id="imagesmall"
                >
                  <a
                    href="/recipe/undefined"
                  >
                    <img
                      alt=" "
                      height="150px"
                      width="150px"
                    />
                    <p
                      className="small-image-name"
                    />
                  </a>
                </div>
                <div
                  id="imagesmall"
                >
                  <a
                    href="/recipe/undefined"
                  >
                    <img
                      alt=" "
                      height="150px"
                      width="150px"
                    />
                    <p
                      className="small-image-name"
                    />
                  </a>
                </div>
                <div
                  id="imagesmall"
                >
                  <a
                    href="/recipe/undefined"
                  >
                    <img
                      alt=" "
                      height="150px"
                      width="150px"
                    />
                    <p
                      className="small-image-name"
                    />
                  </a>
                </div>
              </div>
            </div>,
          },
          "ref": null,
          "rendered": null,
          "type": [Function],
        },
      ],
      "type": "div",
    },
    "type": [Function],
  },
  Symbol(enzyme.__nodes__): Array [
    Object {
      "instance": null,
      "key": undefined,
      "nodeType": "function",
      "props": Object {
        "all_recipies": Array [],
        "recipe": Array [],
      },
      "ref": null,
      "rendered": Object {
        "instance": <div
          class="App"
        />,
        "key": undefined,
        "nodeType": "host",
        "props": Object {
          "children": Array [
            <Default>
              <div
                className="Recipe"
              >
                <div>
                  <elemnt
                    id="image"
                  >
                    <img
                      alt=" "
                      height="320px"
                      width="320px"
                    />
                  </elemnt>
                </div>
                <br />
                <br />
                <div
                  className="d-flex"
                >
                  <h3
                    className="Recipe-name"
                  />
                  <ForwardRef(WithStyles(ForwardRef(IconButton)))
                    aria-label="add to favorites"
                    className="Recipe-logo"
                    color="secondary"
                    onClick={[Function]}
                  >
                    <UNDEFINED />
                  </ForwardRef(WithStyles(ForwardRef(IconButton)))>
                </div>
                <div
                  className="IngredientInfo"
                >
                  <div />
                  <div />
                </div>
              </div>
              <div
                className="Recipe-directions"
              >
                <h3
                  style={
                    Object {
                      "color": "#af1507",
                      "fontWeight": "bolder",
                    }
                  }
                >
                   
                  Directions
                   
                </h3>
                <p />
              </div>
              <div
                className="SmallRecipeies"
              >
                <div
                  className="title"
                >
                  <h3
                    style={
                      Object {
                        "fontWeight": "bolder",
                      }
                    }
                  >
                     Browse More 
                  </h3>
                </div>
                <div
                  id="imagesmall"
                >
                  <a
                    href="/recipe/undefined"
                  >
                    <img
                      alt=" "
                      height="150px"
                      width="150px"
                    />
                    <p
                      className="small-image-name"
                    />
                  </a>
                </div>
                <div
                  id="imagesmall"
                >
                  <a
                    href="/recipe/undefined"
                  >
                    <img
                      alt=" "
                      height="150px"
                      width="150px"
                    />
                    <p
                      className="small-image-name"
                    />
                  </a>
                </div>
                <div
                  id="imagesmall"
                >
                  <a
                    href="/recipe/undefined"
                  >
                    <img
                      alt=" "
                      height="150px"
                      width="150px"
                    />
                    <p
                      className="small-image-name"
                    />
                  </a>
                </div>
              </div>
            </Default>,
            <MobileorTablet>
              <div
                className="Recipe"
              >
                <div>
                  <elemnt
                    id="image"
                  >
                    <img
                      alt=" "
                      height="320px"
                      width="320px"
                    />
                  </elemnt>
                </div>
                <br />
                <br />
                <div
                  className="d-flex"
                >
                  <h3
                    className="Recipe-name"
                  />
                  <ForwardRef(WithStyles(ForwardRef(IconButton)))
                    aria-label="add to favorites"
                    className="Recipe-logo"
                    color="secondary"
                    onClick={[Function]}
                  >
                    <UNDEFINED />
                  </ForwardRef(WithStyles(ForwardRef(IconButton)))>
                </div>
                <div
                  className="IngredientInfo"
                >
                  <div />
                  <div />
                </div>
                <div
                  className="Recipe-directions"
                >
                  <h3
                    style={
                      Object {
                        "color": "#af1507",
                        "fontWeight": "bolder",
                      }
                    }
                  >
                     
                    Directions
                     
                  </h3>
                  <p />
                </div>
                <div
                  className="SmallRecipeies"
                >
                  <div
                    className="title"
                  >
                    <h3
                      style={
                        Object {
                          "fontWeight": "bolder",
                        }
                      }
                    >
                       
                      Browse More
                       
                    </h3>
                  </div>
                  <div
                    id="imagesmall"
                  >
                    <a
                      href="/recipe/undefined"
                    >
                      <img
                        alt=" "
                        height="150px"
                        width="150px"
                      />
                      <p
                        className="small-image-name"
                      />
                    </a>
                  </div>
                  <div
                    id="imagesmall"
                  >
                    <a
                      href="/recipe/undefined"
                    >
                      <img
                        alt=" "
                        height="150px"
                        width="150px"
                      />
                      <p
                        className="small-image-name"
                      />
                    </a>
                  </div>
                  <div
                    id="imagesmall"
                  >
                    <a
                      href="/recipe/undefined"
                    >
                      <img
                        alt=" "
                        height="150px"
                        width="150px"
                      />
                      <p
                        className="small-image-name"
                      />
                    </a>
                  </div>
                </div>
              </div>
            </MobileorTablet>,
          ],
          "className": "App",
        },
        "ref": null,
        "rendered": Array [
          Object {
            "instance": null,
            "key": undefined,
            "nodeType": "function",
            "props": Object {
              "children": Array [
                <div
                  className="Recipe"
                >
                  <div>
                    <elemnt
                      id="image"
                    >
                      <img
                        alt=" "
                        height="320px"
                        width="320px"
                      />
                    </elemnt>
                  </div>
                  <br />
                  <br />
                  <div
                    className="d-flex"
                  >
                    <h3
                      className="Recipe-name"
                    />
                    <ForwardRef(WithStyles(ForwardRef(IconButton)))
                      aria-label="add to favorites"
                      className="Recipe-logo"
                      color="secondary"
                      onClick={[Function]}
                    >
                      <UNDEFINED />
                    </ForwardRef(WithStyles(ForwardRef(IconButton)))>
                  </div>
                  <div
                    className="IngredientInfo"
                  >
                    <div />
                    <div />
                  </div>
                </div>,
                <div
                  className="Recipe-directions"
                >
                  <h3
                    style={
                      Object {
                        "color": "#af1507",
                        "fontWeight": "bolder",
                      }
                    }
                  >
                     
                    Directions
                     
                  </h3>
                  <p />
                </div>,
                <div
                  className="SmallRecipeies"
                >
                  <div
                    className="title"
                  >
                    <h3
                      style={
                        Object {
                          "fontWeight": "bolder",
                        }
                      }
                    >
                       Browse More 
                    </h3>
                  </div>
                  <div
                    id="imagesmall"
                  >
                    <a
                      href="/recipe/undefined"
                    >
                      <img
                        alt=" "
                        height="150px"
                        width="150px"
                      />
                      <p
                        className="small-image-name"
                      />
                    </a>
                  </div>
                  <div
                    id="imagesmall"
                  >
                    <a
                      href="/recipe/undefined"
                    >
                      <img
                        alt=" "
                        height="150px"
                        width="150px"
                      />
                      <p
                        className="small-image-name"
                      />
                    </a>
                  </div>
                  <div
                    id="imagesmall"
                  >
                    <a
                      href="/recipe/undefined"
                    >
                      <img
                        alt=" "
                        height="150px"
                        width="150px"
                      />
                      <p
                        className="small-image-name"
                      />
                    </a>
                  </div>
                </div>,
              ],
            },
            "ref": null,
            "rendered": null,
            "type": [Function],
          },
          Object {
            "instance": null,
            "key": undefined,
            "nodeType": "function",
            "props": Object {
              "children": <div
                className="Recipe"
              >
                <div>
                  <elemnt
                    id="image"
                  >
                    <img
                      alt=" "
                      height="320px"
                      width="320px"
                    />
                  </elemnt>
                </div>
                <br />
                <br />
                <div
                  className="d-flex"
                >
                  <h3
                    className="Recipe-name"
                  />
                  <ForwardRef(WithStyles(ForwardRef(IconButton)))
                    aria-label="add to favorites"
                    className="Recipe-logo"
                    color="secondary"
                    onClick={[Function]}
                  >
                    <UNDEFINED />
                  </ForwardRef(WithStyles(ForwardRef(IconButton)))>
                </div>
                <div
                  className="IngredientInfo"
                >
                  <div />
                  <div />
                </div>
                <div
                  className="Recipe-directions"
                >
                  <h3
                    style={
                      Object {
                        "color": "#af1507",
                        "fontWeight": "bolder",
                      }
                    }
                  >
                     
                    Directions
                     
                  </h3>
                  <p />
                </div>
                <div
                  className="SmallRecipeies"
                >
                  <div
                    className="title"
                  >
                    <h3
                      style={
                        Object {
                          "fontWeight": "bolder",
                        }
                      }
                    >
                       
                      Browse More
                       
                    </h3>
                  </div>
                  <div
                    id="imagesmall"
                  >
                    <a
                      href="/recipe/undefined"
                    >
                      <img
                        alt=" "
                        height="150px"
                        width="150px"
                      />
                      <p
                        className="small-image-name"
                      />
                    </a>
                  </div>
                  <div
                    id="imagesmall"
                  >
                    <a
                      href="/recipe/undefined"
                    >
                      <img
                        alt=" "
                        height="150px"
                        width="150px"
                      />
                      <p
                        className="small-image-name"
                      />
                    </a>
                  </div>
                  <div
                    id="imagesmall"
                  >
                    <a
                      href="/recipe/undefined"
                    >
                      <img
                        alt=" "
                        height="150px"
                        width="150px"
                      />
                      <p
                        className="small-image-name"
                      />
                    </a>
                  </div>
                </div>
              </div>,
            },
            "ref": null,
            "rendered": null,
            "type": [Function],
          },
        ],
        "type": "div",
      },
      "type": [Function],
    },
  ],
  Symbol(enzyme.__options__): Object {
    "adapter": ReactSeventeenAdapter {
      "options": Object {
        "enableComponentDidUpdateOnSetState": true,
        "legacyContextMode": "parent",
        "lifecycles": Object {
          "componentDidUpdate": Object {
            "onSetState": true,
          },
          "getChildContext": Object {
            "calledByRenderer": false,
          },
          "getDerivedStateFromError": true,
          "getDerivedStateFromProps": Object {
            "hasShouldComponentUpdateBug": false,
          },
          "getSnapshotBeforeUpdate": true,
          "setState": Object {
            "skipsComponentDidUpdateOnNullish": true,
          },
        },
      },
    },
  },
  Symbol(enzyme.__linkedRoots__): Array [],
  Symbol(enzyme.__unrendered__): <Recipe
    all_recipies={Array []}
    recipe={Array []}
  />,
  Symbol(enzyme.__updatedBy__): null,
}
`;
